node : node:internal/modules/c
js/loader:1424
No linha:1 caractere:1
+ node node_modules/.bin/vite 
build > build_output.txt 
2>&1; Get-Conten ...
+ ~~~~~~~~~~~~~~~~~~~~~~~~~~~~
~~~~~~~~~~~~~~~~~~~~~~~~~~~~~
    + CategoryInfo          : 
    NotSpecified: (node:inte  
  rnal/modules/cjs/loader:1   
 424:String) [], RemoteExc    
eption
    + FullyQualifiedErrorId : 
    NativeCommandError
 
  throw err;
  ^

Error: Cannot find module 'C:\
Users\55319\Downloads\linea-he
ader-love-74-main (3)\linea-he
ader-love-74-main\node_modules
\.bin\vite'
    at 
Module._resolveFilename (node:
internal/modules/cjs/loader:14
21:15)
    at defaultResolveImpl (nod
e:internal/modules/cjs/loader:
1059:19)
    at resolveForCJSWithHooks 
(node:internal/modules/cjs/loa
der:1064:22)
    at Module._load (node:inte
rnal/modules/cjs/loader:1227:3
7)
    at 
TracingChannel.traceSync (node
:diagnostics_channel:328:14)
    at wrapModuleLoad (node:in
ternal/modules/cjs/loader:245:
24)
    at 
Module.executeUserEntryPoint 
[as runMain] (node:internal/mo
dules/run_main:154:5)
    at node:internal/main/run_
main_module:33:47 {
  code: 'MODULE_NOT_FOUND',
  requireStack: []
}

Node.js v24.12.0
